main.c:86:6:HAL_ADC_ConvCpltCallback	24	static
main.c:100:5:main	296	static
main.c:332:6:SystemClock_Config	232	static
main.c:398:13:MX_ADC1_Init	48	static
main.c:478:13:MX_SPI1_Init	8	static
main.c:518:13:MX_USART1_UART_Init	8	static
main.c:553:13:MX_USART2_UART_Init	8	static
main.c:586:13:MX_DMA_Init	16	static
main.c:604:13:MX_GPIO_Init	40	static
main.c:648:6:displayResults	592	static
main.c:662:5:targetCheck	32	static
main.c:734:6:digitalPotWrite	16	static
main.c:748:6:HAL_ADC_ConvHalfCpltCallback	16	static
main.c:768:6:Error_Handler	4	static,ignoring_inline_asm
