main.c:86:6:HAL_ADC_ConvCpltCallback	24	static
main.c:100:5:main	264	static
main.c:288:6:SystemClock_Config	232	static
main.c:354:13:MX_ADC1_Init	48	static
main.c:458:13:MX_SPI1_Init	8	static
main.c:498:13:MX_USART1_UART_Init	8	static
main.c:533:13:MX_USART2_UART_Init	8	static
main.c:566:13:MX_DMA_Init	16	static
main.c:584:13:MX_GPIO_Init	40	static
main.c:630:6:displayResults	592	static
main.c:644:5:targetCheck	32	static
main.c:716:6:digitalPotWrite	16	static
main.c:730:6:HAL_ADC_ConvHalfCpltCallback	16	static
main.c:750:6:Error_Handler	4	static,ignoring_inline_asm
