main.c:92:5:main	864	static
main.c:304:6:SystemClock_Config	232	static
main.c:370:13:MX_ADC1_Init	48	static
main.c:474:13:MX_SPI1_Init	8	static
main.c:514:13:MX_USART1_UART_Init	8	static
main.c:549:13:MX_USART2_UART_Init	8	static
main.c:582:13:MX_DMA_Init	16	static
main.c:600:13:MX_GPIO_Init	40	static
main.c:646:6:displayResults	432	static
main.c:660:5:targetCheck	32	static
main.c:736:6:digitalPotWrite	16	static
main.c:750:6:HAL_ADC_ConvHalfCpltCallback	16	static
main.c:757:6:HAL_ADC_ConvCpltCallback	16	static
main.c:778:6:Error_Handler	4	static,ignoring_inline_asm
