main.c:89:5:main	264	static
main.c:213:6:SystemClock_Config	232	static
main.c:279:13:MX_ADC1_Init	48	static
main.c:383:13:MX_SPI1_Init	8	static
main.c:423:13:MX_USART1_UART_Init	8	static
main.c:458:13:MX_USART2_UART_Init	8	static
main.c:491:13:MX_DMA_Init	16	static
main.c:509:13:MX_GPIO_Init	40	static
main.c:549:6:displayResults	432	static
main.c:563:5:targetCheck	32	static
main.c:639:6:digitalPotWrite	16	static
main.c:653:6:HAL_ADC_ConvHalfCpltCallback	16	static
main.c:660:6:HAL_ADC_ConvCpltCallback	16	static
main.c:682:6:Error_Handler	4	static,ignoring_inline_asm
